
╔══════════════════════════════════════════════════╗
║                                                  ║
║                     AIDoor                       ║
║                                                  ║
║                 Door Skeleton M0                 ║
║                                                  ║
╚══════════════════════════════════════════════════╝

